../Core/Src/USART.c:27:6:USART_start	8	static
../Core/Src/USART.c:31:9:BX_haveData	4	static
../Core/Src/USART.c:38:9:USART_getchar	16	static
../Core/Src/USART.c:48:9:CALCULATE_CRC	32	static
../Core/Src/USART.c:64:6:USART_fsend	440	static,ignoring_inline_asm
../Core/Src/USART.c:96:9:USART_GETFRAME	32	static
../Core/Src/USART.c:162:6:ParseCommand	24	static
../Core/Src/USART.c:202:6:ShowArchivalData	40	static
../Core/Src/USART.c:217:6:HAL_UART_TxCpltCallback	24	static
../Core/Src/USART.c:228:6:HAL_UART_RxCpltCallback	16	static
