../Core/Src/USART.c:29:6:USART_start	8	static
../Core/Src/USART.c:33:9:BX_haveData	4	static
../Core/Src/USART.c:40:9:USART_getchar	16	static
../Core/Src/USART.c:50:9:CALCULATE_CRC	32	static
../Core/Src/USART.c:66:6:USART_fsend	432	static,ignoring_inline_asm
../Core/Src/USART.c:98:9:USART_GETFRAME	32	static
../Core/Src/USART.c:165:6:ParseCommand	24	static
../Core/Src/USART.c:212:6:ShowArchivalData	24	static
../Core/Src/USART.c:234:6:HAL_UART_TxCpltCallback	24	static
../Core/Src/USART.c:245:6:HAL_UART_RxCpltCallback	16	static
